../Core/Src/main.c:80:5:main	16	static
../Core/Src/main.c:149:6:SystemClock_Config	72	static
../Core/Src/main.c:186:13:MX_USART1_UART_Init	8	static
../Core/Src/main.c:217:13:MX_USART3_UART_Init	8	static
../Core/Src/main.c:248:13:MX_GPIO_Init	24	static
../Core/Src/main.c:265:6:HAL_UART_RxCpltCallback	16	static
../Core/Src/main.c:272:6:UART3_Send	16	static
../Core/Src/main.c:276:20:rbuf_push	24	static
../Core/Src/main.c:284:19:rbuf_pop	16	static
../Core/Src/main.c:298:6:Error_Handler	4	static,ignoring_inline_asm
