../Core/Src/main.c:77:20:rbuf_push	24	static
../Core/Src/main.c:86:19:rbuf_pop	16	static
../Core/Src/main.c:95:6:HAL_UART_RxCpltCallback	16	static
../Core/Src/main.c:103:6:UART3_Send	16	static
../Core/Src/main.c:113:5:main	48	static
../Core/Src/main.c:183:6:SystemClock_Config	72	static
../Core/Src/main.c:220:13:MX_USART2_UART_Init	8	static
../Core/Src/main.c:251:13:MX_USART3_UART_Init	8	static
../Core/Src/main.c:282:13:MX_GPIO_Init	24	static
../Core/Src/main.c:306:6:Error_Handler	4	static,ignoring_inline_asm
