../Core/Src/main.c:62:6:DWT_Init	4	static
../Core/Src/main.c:68:6:DWT_Delay_us	24	static
../Core/Src/main.c:74:6:DHT11_Pin_Output	24	static
../Core/Src/main.c:82:6:DHT11_Pin_Input	24	static
../Core/Src/main.c:89:9:DHT11_Read	24	static
../Core/Src/main.c:141:5:main	8	static
../Core/Src/main.c:200:6:SystemClock_Config	72	static
../Core/Src/main.c:236:13:MX_USART2_UART_Init	8	static
../Core/Src/main.c:267:13:MX_GPIO_Init	40	static
../Core/Src/main.c:292:6:Error_Handler	4	static,ignoring_inline_asm
