../Core/Src/main.c:87:16:crc8	24	static
../Core/Src/main.c:94:7:goertzel	48	static
../Core/Src/main.c:106:6:push_bit	24	static
../Core/Src/main.c:154:6:HAL_ADC_ConvCpltCallback	24	static
../Core/Src/main.c:167:5:main	8	static
../Core/Src/main.c:216:6:SystemClock_Config	88	static
../Core/Src/main.c:260:13:MX_ADC1_Init	56	static
../Core/Src/main.c:324:13:MX_TIM3_Init	40	static
../Core/Src/main.c:366:13:MX_USART1_UART_Init	8	static
../Core/Src/main.c:409:13:MX_DMA_Init	16	static
../Core/Src/main.c:427:13:MX_GPIO_Init	24	static
../Core/Src/main.c:450:6:Error_Handler	4	static,ignoring_inline_asm
