05:23:30 **** Incremental Build of configuration Debug for project 103C8T6_Potentiometer_Analog_A4_Ver_001 ****
make -j20 all 
arm-none-eabi-gcc "../Core/Src/main.c" -mcpu=cortex-m3 -std=gnu11 -g3 -DDEBUG -DUSE_HAL_DRIVER -DSTM32F103xB -c -I../Core/Inc -I../Drivers/STM32F1xx_HAL_Driver/Inc/Legacy -I../Drivers/STM32F1xx_HAL_Driver/Inc -I../Drivers/CMSIS/Device/ST/STM32F1xx/Include -I../Drivers/CMSIS/Include -O0 -ffunction-sections -fdata-sections -Wall -fstack-usage -fcyclomatic-complexity -MMD -MP -MF"Core/Src/main.d" -MT"Core/Src/main.o" --specs=nano.specs -mfloat-abi=soft -mthumb -o "Core/Src/main.o"
../Core/Src/main.c: In function 'main':
../Core/Src/main.c:106:17: warning: implicit declaration of function 'Read_Potentiometer' [-Wimplicit-function-declaration]
  106 |                 Read_Potentiometer();
      |                 ^~~~~~~~~~~~~~~~~~
../Core/Src/main.c: At top level:
../Core/Src/main.c:256:6: warning: conflicting types for 'Read_Potentiometer'; have 'void(void)'
  256 | void Read_Potentiometer(void) {
      |      ^~~~~~~~~~~~~~~~~~
../Core/Src/main.c:106:17: note: previous implicit declaration of 'Read_Potentiometer' with type 'void(void)'
  106 |                 Read_Potentiometer();
      |                 ^~~~~~~~~~~~~~~~~~
../Core/Src/main.c: In function 'Read_Potentiometer':
../Core/Src/main.c:273:17: warning: implicit declaration of function 'snprintf' [-Wimplicit-function-declaration]
  273 |                 snprintf(msg, sizeof(msg), "POT Value: %u\r\n", pot_val);
      |                 ^~~~~~~~
../Core/Src/main.c:21:1: note: include '<stdio.h>' or provide a declaration of 'snprintf'
   20 | #include "main.h"
  +++ |+#include <stdio.h>
   21 | 
../Core/Src/main.c:273:17: warning: incompatible implicit declaration of built-in function 'snprintf' [-Wbuiltin-declaration-mismatch]
  273 |                 snprintf(msg, sizeof(msg), "POT Value: %u\r\n", pot_val);
      |                 ^~~~~~~~
../Core/Src/main.c:273:17: note: include '<stdio.h>' or provide a declaration of 'snprintf'
../Core/Src/main.c:274:60: warning: implicit declaration of function 'strlen' [-Wimplicit-function-declaration]
  274 |                 HAL_UART_Transmit(&huart2, (uint8_t*) msg, strlen(msg), HAL_MAX_DELAY);
      |                                                            ^~~~~~
../Core/Src/main.c:21:1: note: include '<string.h>' or provide a declaration of 'strlen'
   20 | #include "main.h"
  +++ |+#include <string.h>
   21 | 
../Core/Src/main.c:274:60: warning: incompatible implicit declaration of built-in function 'strlen' [-Wbuiltin-declaration-mismatch]
  274 |                 HAL_UART_Transmit(&huart2, (uint8_t*) msg, strlen(msg), HAL_MAX_DELAY);
      |                                                            ^~~~~~
../Core/Src/main.c:274:60: note: include '<string.h>' or provide a declaration of 'strlen'
arm-none-eabi-gcc -o "103C8T6_Potentiometer_Analog_A4_Ver_001.elf" @"objects.list"   -mcpu=cortex-m3 -T"D:\Embedded C\Stm32cubeide_workspace\103C8T6_Potentiometer_Analog_A4_Ver_001\STM32F103C8TX_FLASH.ld" --specs=nosys.specs -Wl,-Map="103C8T6_Potentiometer_Analog_A4_Ver_001.map" -Wl,--gc-sections -static --specs=nano.specs -mfloat-abi=soft -mthumb -Wl,--start-group -lc -lm -Wl,--end-group
Finished building target: 103C8T6_Potentiometer_Analog_A4_Ver_001.elf
 
arm-none-eabi-size  103C8T6_Potentiometer_Analog_A4_Ver_001.elf 
arm-none-eabi-objdump -h -S 103C8T6_Potentiometer_Analog_A4_Ver_001.elf  > "103C8T6_Potentiometer_Analog_A4_Ver_001.list"
   text	   data	    bss	    dec	    hex	filename
  11880	     92	   2020	  13992	   36a8	103C8T6_Potentiometer_Analog_A4_Ver_001.elf
Finished building: default.size.stdout
 
Finished building: 103C8T6_Potentiometer_Analog_A4_Ver_001.list
 

05:23:31 Build Finished. 0 errors, 6 warnings. (took 1s.5ms)

