17:34:14 **** Incremental Build of configuration Debug for project 103C8T6_Reciever_Ver_002 ****
make -j20 all 
arm-none-eabi-gcc "../Core/Src/main.c" -mcpu=cortex-m3 -std=gnu11 -g3 -DDEBUG -DUSE_HAL_DRIVER -DSTM32F103xB -c -I../Core/Inc -I../Drivers/STM32F1xx_HAL_Driver/Inc/Legacy -I../Drivers/STM32F1xx_HAL_Driver/Inc -I../Drivers/CMSIS/Device/ST/STM32F1xx/Include -I../Drivers/CMSIS/Include -O0 -ffunction-sections -fdata-sections -Wall -fstack-usage -fcyclomatic-complexity -MMD -MP -MF"Core/Src/main.d" -MT"Core/Src/main.o" --specs=nano.specs -mfloat-abi=soft -mthumb -o "Core/Src/main.o"
arm-none-eabi-gcc -o "103C8T6_Reciever_Ver_002.elf" @"objects.list"   -mcpu=cortex-m3 -T"D:\Embedded C\Stm32cubeide_workspace\103C8T6_Reciever_Ver_002\STM32F103C8TX_FLASH.ld" --specs=nosys.specs -Wl,-Map="103C8T6_Reciever_Ver_002.map" -Wl,--gc-sections -static --specs=nano.specs -mfloat-abi=soft -mthumb -Wl,--start-group -lc -lm -Wl,--end-group
Finished building target: 103C8T6_Reciever_Ver_002.elf
 
arm-none-eabi-size  103C8T6_Reciever_Ver_002.elf 
arm-none-eabi-objdump -h -S 103C8T6_Reciever_Ver_002.elf  > "103C8T6_Reciever_Ver_002.list"
   text	   data	    bss	    dec	    hex	filename
  12744	     92	   2060	  14896	   3a30	103C8T6_Reciever_Ver_002.elf
Finished building: default.size.stdout
 
Finished building: 103C8T6_Reciever_Ver_002.list
 
17:34:16 **** Incremental Build of configuration Debug for project 103C8T6_Reciever_Ver_002 ****
make -j20 all 
arm-none-eabi-size  103C8T6_Reciever_Ver_002.elf 
   text	   data	    bss	    dec	    hex	filename
  12744	     92	   2060	  14896	   3a30	103C8T6_Reciever_Ver_002.elf
Finished building: default.size.stdout
 
