../Core/Src/main.c:91:6:detect_snake	72	static
../Core/Src/main.c:109:5:main	216	static
../Core/Src/main.c:200:6:SystemClock_Config	72	static
../Core/Src/main.c:234:13:MX_USART1_UART_Init	8	static
../Core/Src/main.c:265:13:MX_USART2_UART_Init	8	static
../Core/Src/main.c:296:13:MX_USART3_UART_Init	8	static
../Core/Src/main.c:327:13:MX_GPIO_Init	40	static
../Core/Src/main.c:361:6:HAL_UART_RxCpltCallback	16	static
../Core/Src/main.c:393:6:send_sms	184	static
../Core/Src/main.c:411:6:send_alert_to_all	32	static
../Core/Src/main.c:428:6:Error_Handler	4	static,ignoring_inline_asm
