../Core/Src/main.c:98:6:FillDACHalf	56	static
../Core/Src/main.c:120:6:InitGoertzel	24	static
../Core/Src/main.c:129:9:GoertzelDetect	128	static
../Core/Src/main.c:172:6:HAL_DAC_ConvHalfCpltCallbackCh1	16	static
../Core/Src/main.c:178:6:HAL_DAC_ConvCpltCallbackCh1	16	static
../Core/Src/main.c:185:6:HAL_ADC_ConvCpltCallback	24	static
../Core/Src/main.c:199:5:_write	24	static
../Core/Src/main.c:210:5:main	32	static
../Core/Src/main.c:325:6:SystemClock_Config	88	static
../Core/Src/main.c:369:13:MX_ADC1_Init	56	static
../Core/Src/main.c:433:13:MX_DAC2_Init	56	static
../Core/Src/main.c:477:13:MX_TIM2_Init	40	static
../Core/Src/main.c:519:13:MX_UART4_Init	8	static
../Core/Src/main.c:562:13:MX_DMA_Init	16	static
../Core/Src/main.c:583:13:MX_GPIO_Init	24	static
../Core/Src/main.c:606:6:Error_Handler	4	static,ignoring_inline_asm
