../Core/Src/main.c:75:13:SineTable_Init	24	static
../Core/Src/main.c:88:6:SineOut_Init	88	static
../Core/Src/main.c:124:6:SineOut_Start	8	static
../Core/Src/main.c:130:6:SineOut_Stop	8	static
../Core/Src/main.c:136:6:HAL_TIM_PeriodElapsedCallback	16	static
../Core/Src/main.c:152:5:main	8	static
../Core/Src/main.c:198:6:SystemClock_Config	88	static
../Core/Src/main.c:245:13:MX_DAC2_Init	56	static
../Core/Src/main.c:292:13:MX_TIM2_Init	40	static
../Core/Src/main.c:337:13:MX_GPIO_Init	24	static
../Core/Src/main.c:361:6:Error_Handler	4	static,ignoring_inline_asm
