../Core/Src/main.c:75:8:Goertzel	80	static
../Core/Src/main.c:87:6:DecodeBuffer	48	static
../Core/Src/main.c:105:6:HAL_ADC_ConvHalfCpltCallback	16	static
../Core/Src/main.c:109:6:HAL_ADC_ConvCpltCallback	16	static
../Core/Src/main.c:119:5:main	8	static
../Core/Src/main.c:165:6:SystemClock_Config	88	static
../Core/Src/main.c:209:13:MX_ADC1_Init	56	static
../Core/Src/main.c:273:13:MX_TIM3_Init	40	static
../Core/Src/main.c:315:13:MX_USART2_UART_Init	8	static
../Core/Src/main.c:358:13:MX_DMA_Init	16	static
../Core/Src/main.c:376:13:MX_GPIO_Init	24	static
../Core/Src/main.c:399:6:Error_Handler	4	static,ignoring_inline_asm
