../Core/Src/main.c:82:5:main	8	static
../Core/Src/main.c:144:6:parse_GNGLL	376	static
../Core/Src/main.c:183:6:HAL_UART_RxCpltCallback	16	static
../Core/Src/main.c:207:6:send_sms	24	static
../Core/Src/main.c:236:6:SystemClock_Config	72	static
../Core/Src/main.c:270:13:MX_USART1_UART_Init	8	static
../Core/Src/main.c:301:13:MX_USART2_UART_Init	8	static
../Core/Src/main.c:332:13:MX_USART3_UART_Init	8	static
../Core/Src/main.c:363:13:MX_GPIO_Init	24	static
../Core/Src/main.c:386:6:Error_Handler	4	static,ignoring_inline_asm
