../Core/Src/main.c:82:5:main	8	static
../Core/Src/main.c:144:6:parse_GNGLL	376	static
../Core/Src/main.c:183:6:HAL_UART_RxCpltCallback	16	static
../Core/Src/main.c:207:6:send_sms	96	static
../Core/Src/main.c:249:6:SystemClock_Config	72	static
../Core/Src/main.c:283:13:MX_USART1_UART_Init	8	static
../Core/Src/main.c:314:13:MX_USART2_UART_Init	8	static
../Core/Src/main.c:345:13:MX_USART3_UART_Init	8	static
../Core/Src/main.c:376:13:MX_GPIO_Init	24	static
../Core/Src/main.c:399:6:Error_Handler	4	static,ignoring_inline_asm
