../Core/Inc/STM32/BareMetal Programs/STK Timer/stktimer.c:9:6:initial	2
../Core/Inc/STM32/BareMetal Programs/STK Timer/stktimer.c:46:6:config	1
../Core/Inc/STM32/BareMetal Programs/STK Timer/stktimer.c:58:6:delayms	2
../Core/Inc/STM32/BareMetal Programs/STK Timer/stktimer.c:67:6:delayus	2
../Core/Inc/STM32/BareMetal Programs/STK Timer/stktimer.c:74:6:delaymin	2
../Core/Inc/STM32/BareMetal Programs/STK Timer/stktimer.c:81:6:delaymax	2
../Core/Inc/STM32/BareMetal Programs/STK Timer/stktimer.c:87:5:main	1
