../Core/Inc/STM32/BareMetal Programs/STK Timer/stktimer.c:9:6:initial	4	static
../Core/Inc/STM32/BareMetal Programs/STK Timer/stktimer.c:46:6:config	4	static
../Core/Inc/STM32/BareMetal Programs/STK Timer/stktimer.c:58:6:delayms	16	static
../Core/Inc/STM32/BareMetal Programs/STK Timer/stktimer.c:67:6:delayus	16	static
../Core/Inc/STM32/BareMetal Programs/STK Timer/stktimer.c:74:6:delaymin	4	static
../Core/Inc/STM32/BareMetal Programs/STK Timer/stktimer.c:81:6:delaymax	4	static
../Core/Inc/STM32/BareMetal Programs/STK Timer/stktimer.c:87:5:main	8	static
