../Core/Src/main.c:98:5:main	8	static
../Core/Src/main.c:186:6:Motor_Stop	8	static
../Core/Src/main.c:196:6:Move_Forward	8	static
../Core/Src/main.c:215:6:Move_Backward	8	static
../Core/Src/main.c:232:6:Move_Left	8	static
../Core/Src/main.c:251:6:Move_Right	8	static
../Core/Src/main.c:270:6:Rotate_CW	8	static
../Core/Src/main.c:289:6:Rotate_CCW	8	static
../Core/Src/main.c:309:6:SystemClock_Config	88	static
../Core/Src/main.c:355:13:MX_TIM1_Init	96	static
../Core/Src/main.c:442:13:MX_USART2_UART_Init	8	static
../Core/Src/main.c:475:13:MX_GPIO_Init	48	static
../Core/Src/main.c:514:6:Error_Handler	4	static,ignoring_inline_asm
