../Core/Src/main.c:76:6:uart_print	16	static
../Core/Src/main.c:80:19:MAX30102_WriteReg	32	static
../Core/Src/main.c:85:19:MAX30102_ReadFIFO	40	static
../Core/Src/main.c:95:6:MAX30102_Init	8	static
../Core/Src/main.c:103:6:HAL_UART_RxCpltCallback	16	static
../Core/Src/main.c:116:5:main	112	static
../Core/Src/main.c:223:6:SystemClock_Config	72	static
../Core/Src/main.c:260:13:MX_I2C1_Init	8	static
../Core/Src/main.c:292:13:MX_USART1_UART_Init	8	static
../Core/Src/main.c:323:13:MX_GPIO_Init	24	static
../Core/Src/main.c:347:6:Error_Handler	4	static,ignoring_inline_asm
