../Core/Src/main.c:76:13:LCD_EnablePulse	8	static
../Core/Src/main.c:83:13:LCD_Send4Bits	16	static
../Core/Src/main.c:91:13:LCD_SendCmd	16	static
../Core/Src/main.c:100:13:LCD_SendData	16	static
../Core/Src/main.c:109:13:LCD_Init	8	static
../Core/Src/main.c:127:13:LCD_Print	16	static
../Core/Src/main.c:141:5:main	16	static
../Core/Src/main.c:202:6:HAL_UART_RxCpltCallback	16	static
../Core/Src/main.c:213:6:SystemClock_Config	88	static
../Core/Src/main.c:252:13:MX_USART1_UART_Init	8	static
../Core/Src/main.c:283:13:MX_GPIO_Init	48	static
../Core/Src/main.c:322:6:Error_Handler	4	static,ignoring_inline_asm
