../Core/Src/main.c:72:6:HAL_UART_RxCpltCallback	16	static
../Core/Src/main.c:86:20:bt_push	24	static
../Core/Src/main.c:95:19:bt_pop	16	static
../Core/Src/main.c:110:5:main	80	static
../Core/Src/main.c:172:6:SystemClock_Config	72	static
../Core/Src/main.c:208:13:MX_USART1_UART_Init	8	static
../Core/Src/main.c:239:13:MX_USART2_UART_Init	8	static
../Core/Src/main.c:270:13:MX_USART3_UART_Init	8	static
../Core/Src/main.c:301:13:MX_GPIO_Init	24	static
../Core/Src/main.c:325:6:Error_Handler	4	static,ignoring_inline_asm
