../Core/Src/ssd1306.c:124:13:cmd	32	static
../Core/Src/ssd1306.c:129:6:SSD1306_Init	8	static
../Core/Src/ssd1306.c:154:6:SSD1306_Update	152	static
../Core/Src/ssd1306.c:169:6:SSD1306_Clear	8	static
../Core/Src/ssd1306.c:173:6:SSD1306_SetCursor	16	static
../Core/Src/ssd1306.c:178:6:SSD1306_WriteChar	24	static
../Core/Src/ssd1306.c:192:6:SSD1306_WriteString	16	static
../Core/Src/ssd1306.c:196:6:SSD1306_WriteStringXY	16	static
../Core/Src/ssd1306.c:204:6:SSD1306_DrawPixel	24	static
../Core/Src/ssd1306.c:214:6:SSD1306_ClearArea	32	static
../Core/Src/ssd1306.c:228:6:SSD1306_FillCircle	48	static
../Core/Src/ssd1306.c:243:13:SSD1306_DrawCircleOutline	40	static
../Core/Src/ssd1306.c:282:6:SSD1306_DrawEye	104	static
../Core/Src/ssd1306.c:338:6:SSD1306_ShowEyesExpression	64	static
../Core/Src/ssd1306.c:398:6:SSD1306_ShowEyesAnimation	8	static
