../Core/Src/main.c:151:5:main	176	static
../Core/Src/main.c:476:6:SystemClock_Config	88	static
../Core/Src/main.c:518:13:MX_ADC1_Init	24	static
../Core/Src/main.c:562:13:MX_I2C1_Init	8	static
../Core/Src/main.c:594:13:MX_SPI1_Init	8	static
../Core/Src/main.c:630:13:MX_USART2_UART_Init	8	static
../Core/Src/main.c:661:13:MX_USART3_UART_Init	8	static
../Core/Src/main.c:692:13:MX_GPIO_Init	40	static
../Core/Src/main.c:721:20:UART2_Print	16	static
../Core/Src/main.c:726:20:rbuf_push	24	static
../Core/Src/main.c:734:19:rbuf_pop	16	static
../Core/Src/main.c:743:6:HAL_UART_RxCpltCallback	16	static
../Core/Src/main.c:751:6:UART3_Send	16	static
../Core/Src/main.c:757:6:DrawPassScreen	48	static
../Core/Src/main.c:773:6:ShowMainMenu	16	static
../Core/Src/main.c:784:6:ShowTestEquipmentMenu	16	static
../Core/Src/main.c:798:6:OLED_PrintCenteredLine	16	static
../Core/Src/main.c:805:6:reset_all_btn_counts	16	static
../Core/Src/main.c:809:6:ResetToPasscodeScreen	8	static
../Core/Src/main.c:839:9:nrf24_read_reg	24	static
../Core/Src/main.c:853:6:nrf24_write_reg	24	static
../Core/Src/main.c:863:6:Run_Joystick_Test	144	static
../Core/Src/main.c:982:6:Run_ESP32_Serial_Test	72	static
../Core/Src/main.c:1056:6:Run_NRF24_Test	136	static
../Core/Src/main.c:1148:6:Error_Handler	4	static,ignoring_inline_asm
