../Core/Src/main.c:71:5:_write	24	static
../Core/Src/main.c:81:5:main	8	static,ignoring_inline_asm
../Core/Src/main.c:136:6:SystemClock_Config	72	static
../Core/Src/main.c:170:13:MX_USART1_UART_Init	8	static
../Core/Src/main.c:201:13:MX_USART2_UART_Init	8	static
../Core/Src/main.c:232:13:MX_GPIO_Init	24	static
../Core/Src/main.c:248:6:HAL_UART_RxCpltCallback	16	static
../Core/Src/main.c:263:6:parse_nmea	16	static
../Core/Src/main.c:272:6:process_gpgga	456	static
../Core/Src/main.c:321:6:process_gprmc	440	static
../Core/Src/main.c:366:6:Error_Handler	4	static,ignoring_inline_asm
