../Core/Src/main.c:102:7:Read_LM35	16	static
../Core/Src/main.c:109:6:GSM_SendSMS	120	static
../Core/Src/main.c:134:6:HAL_TIM_PeriodElapsedCallback	16	static
../Core/Src/main.c:145:5:main	160	static
../Core/Src/main.c:281:6:SystemClock_Config	88	static
../Core/Src/main.c:324:13:MX_ADC1_Init	24	static
../Core/Src/main.c:368:13:MX_TIM2_Init	32	static
../Core/Src/main.c:410:13:MX_USART1_UART_Init	8	static
../Core/Src/main.c:441:13:MX_USART2_UART_Init	8	static
../Core/Src/main.c:472:13:MX_USART3_UART_Init	8	static
../Core/Src/main.c:503:13:MX_GPIO_Init	40	static
../Core/Src/main.c:551:6:parse_GNGLL	376	static
../Core/Src/main.c:589:6:HAL_UART_RxCpltCallback	16	static
../Core/Src/main.c:626:6:Error_Handler	4	static,ignoring_inline_asm
