../Core/Src/main.c:90:6:SetAllMotorsPWM	16	static
../Core/Src/main.c:97:6:Motor_Stop	8	static
../Core/Src/main.c:106:6:Move_Forward	8	static
../Core/Src/main.c:123:6:Move_Backward	8	static
../Core/Src/main.c:139:6:Move_Right	8	static
../Core/Src/main.c:156:6:Move_Left	8	static
../Core/Src/main.c:173:6:Rotate_CW	8	static
../Core/Src/main.c:190:6:Rotate_CCW	8	static
../Core/Src/main.c:207:6:Move_FrontLeft	8	static
../Core/Src/main.c:223:6:Move_FrontRight	8	static
../Core/Src/main.c:239:6:Move_BackLeft	8	static
../Core/Src/main.c:255:6:Move_BackRight	8	static
../Core/Src/main.c:277:5:main	8	static
../Core/Src/main.c:368:6:SystemClock_Config	88	static
../Core/Src/main.c:411:13:MX_TIM1_Init	96	static
../Core/Src/main.c:494:13:MX_USART2_UART_Init	8	static
../Core/Src/main.c:525:13:MX_GPIO_Init	48	static
../Core/Src/main.c:564:6:Error_Handler	4	static,ignoring_inline_asm
