../Core/Src/main.c:126:6:HAL_UART_TxCpltCallback	16	static
../Core/Src/main.c:132:6:uart_print	16	static
../Core/Src/main.c:136:7:Read_LM35	16	static
../Core/Src/main.c:143:6:GSM_SendSMS	216	static
../Core/Src/main.c:192:6:parse_GPRMC_from_line	288	static
../Core/Src/main.c:237:6:HAL_UART_RxCpltCallback	24	static
../Core/Src/main.c:261:6:GSM_WaitForNetwork	144	static
../Core/Src/main.c:276:6:Generate_BP	16	static
../Core/Src/main.c:289:5:main	656	static,ignoring_inline_asm
../Core/Src/main.c:457:6:SystemClock_Config	88	static
../Core/Src/main.c:500:13:MX_ADC1_Init	24	static
../Core/Src/main.c:544:13:MX_I2C1_Init	8	static
../Core/Src/main.c:576:13:MX_TIM2_Init	32	static
../Core/Src/main.c:618:13:MX_USART1_UART_Init	8	static
../Core/Src/main.c:649:13:MX_USART2_UART_Init	8	static
../Core/Src/main.c:680:13:MX_USART3_UART_Init	8	static
../Core/Src/main.c:709:13:MX_DMA_Init	16	static
../Core/Src/main.c:726:13:MX_GPIO_Init	40	static
../Core/Src/main.c:760:6:MAX30102_WriteReg	32	static
../Core/Src/main.c:765:9:MAX30102_ReadReg	40	static
../Core/Src/main.c:772:6:MAX30102_ReadFIFO	40	static
../Core/Src/main.c:783:6:MAX30102_Init	8	static
../Core/Src/main.c:808:6:Calculate_SPO2_HR	80	static
../Core/Src/main.c:839:6:Error_Handler	4	static,ignoring_inline_asm
